2026-01-04T20:41:58.635-07:00  INFO 1880 --- [TinyVillageHub] [restartedMain] c.s.t.TinyVillageHubApplication          : Starting TinyVillageHubApplication using Java 21.0.7 with PID 1880 (C:\Users\segattod\Documents\SDE\Personal\leetCode\leetcode\TinyVillageHub\build\classes\java\main started by segattod in C:\Users\segattod\Documents\SDE\Personal\leetCode\leetcode\TinyVillageHub)
2026-01-04T20:41:58.640-07:00  INFO 1880 --- [TinyVillageHub] [restartedMain] c.s.t.TinyVillageHubApplication          : The following 1 profile is active: "dev"
2026-01-04T20:41:58.707-07:00  INFO 1880 --- [TinyVillageHub] [restartedMain] .e.DevToolsPropertyDefaultsPostProcessor : Devtools property defaults active! Set 'spring.devtools.add-properties' to 'false' to disable
2026-01-04T20:41:58.708-07:00  INFO 1880 --- [TinyVillageHub] [restartedMain] .e.DevToolsPropertyDefaultsPostProcessor : For additional web related logging consider setting the 'logging.level.web' property to 'DEBUG'
2026-01-04T20:41:59.941-07:00  INFO 1880 --- [TinyVillageHub] [restartedMain] .s.d.r.c.RepositoryConfigurationDelegate : Bootstrapping Spring Data JPA repositories in DEFAULT mode.
2026-01-04T20:42:00.075-07:00  INFO 1880 --- [TinyVillageHub] [restartedMain] .s.d.r.c.RepositoryConfigurationDelegate : Finished Spring Data repository scanning in 119 ms. Found 3 JPA repository interfaces.
2026-01-04T20:42:00.928-07:00  INFO 1880 --- [TinyVillageHub] [restartedMain] o.s.b.w.embedded.tomcat.TomcatWebServer  : Tomcat initialized with port 8080 (http)
2026-01-04T20:42:00.951-07:00  INFO 1880 --- [TinyVillageHub] [restartedMain] o.apache.catalina.core.StandardService   : Starting service [Tomcat]
2026-01-04T20:42:00.953-07:00  INFO 1880 --- [TinyVillageHub] [restartedMain] o.apache.catalina.core.StandardEngine    : Starting Servlet engine: [Apache Tomcat/10.1.48]
2026-01-04T20:42:01.035-07:00  INFO 1880 --- [TinyVillageHub] [restartedMain] o.a.c.c.C.[Tomcat].[localhost].[/]       : Initializing Spring embedded WebApplicationContext
2026-01-04T20:42:01.035-07:00  INFO 1880 --- [TinyVillageHub] [restartedMain] w.s.c.ServletWebServerApplicationContext : Root WebApplicationContext: initialization completed in 2326 ms
2026-01-04T20:42:01.232-07:00  INFO 1880 --- [TinyVillageHub] [restartedMain] o.hibernate.jpa.internal.util.LogHelper  : HHH000204: Processing PersistenceUnitInfo [name: default]
2026-01-04T20:42:01.313-07:00  INFO 1880 --- [TinyVillageHub] [restartedMain] org.hibernate.Version                    : HHH000412: Hibernate ORM core version 6.6.33.Final
2026-01-04T20:42:01.364-07:00  INFO 1880 --- [TinyVillageHub] [restartedMain] o.h.c.internal.RegionFactoryInitiator    : HHH000026: Second-level cache disabled
2026-01-04T20:42:01.833-07:00  INFO 1880 --- [TinyVillageHub] [restartedMain] o.s.o.j.p.SpringPersistenceUnitInfo      : No LoadTimeWeaver setup: ignoring JPA class transformer
2026-01-04T20:42:01.880-07:00  INFO 1880 --- [TinyVillageHub] [restartedMain] com.zaxxer.hikari.HikariDataSource       : HikariPool-1 - Starting...
2026-01-04T20:42:02.175-07:00  INFO 1880 --- [TinyVillageHub] [restartedMain] com.zaxxer.hikari.pool.HikariPool        : HikariPool-1 - Added connection conn0: url=jdbc:h2:mem:tinyvillagehubdb user=SA
2026-01-04T20:42:02.178-07:00  INFO 1880 --- [TinyVillageHub] [restartedMain] com.zaxxer.hikari.HikariDataSource       : HikariPool-1 - Start completed.
2026-01-04T20:42:02.260-07:00  INFO 1880 --- [TinyVillageHub] [restartedMain] org.hibernate.orm.connections.pooling    : HHH10001005: Database info:
	Database JDBC URL [Connecting through datasource 'HikariDataSource (HikariPool-1)']
	Database driver: undefined/unknown
	Database version: 2.3.232
	Autocommit mode: undefined/unknown
	Isolation level: undefined/unknown
	Minimum pool size: undefined/unknown
	Maximum pool size: undefined/unknown
2026-01-04T20:42:03.843-07:00  INFO 1880 --- [TinyVillageHub] [restartedMain] o.h.e.t.j.p.i.JtaPlatformInitiator       : HHH000489: No JTA platform available (set 'hibernate.transaction.jta.platform' to enable JTA platform integration)
2026-01-04T20:42:03.967-07:00  INFO 1880 --- [TinyVillageHub] [restartedMain] j.LocalContainerEntityManagerFactoryBean : Initialized JPA EntityManagerFactory for persistence unit 'default'
2026-01-04T20:42:04.580-07:00  INFO 1880 --- [TinyVillageHub] [restartedMain] r$InitializeUserDetailsManagerConfigurer : Global AuthenticationManager configured with UserDetailsService bean with name principalDetailsServiceImpl
2026-01-04T20:42:04.621-07:00  INFO 1880 --- [TinyVillageHub] [restartedMain] o.s.d.j.r.query.QueryEnhancerFactory     : Hibernate is in classpath; If applicable, HQL parser will be used.
2026-01-04T20:42:05.271-07:00  WARN 1880 --- [TinyVillageHub] [restartedMain] JpaBaseConfiguration$JpaWebConfiguration : spring.jpa.open-in-view is enabled by default. Therefore, database queries may be performed during view rendering. Explicitly configure spring.jpa.open-in-view to disable this warning
2026-01-04T20:42:05.394-07:00 DEBUG 1880 --- [TinyVillageHub] [restartedMain] s.w.s.m.m.a.RequestMappingHandlerMapping : 23 mappings in 'requestMappingHandlerMapping'
2026-01-04T20:42:05.510-07:00 DEBUG 1880 --- [TinyVillageHub] [restartedMain] o.s.w.s.handler.SimpleUrlHandlerMapping  : Patterns [/webjars/**, /**] in 'resourceHandlerMapping'
2026-01-04T20:42:05.666-07:00 DEBUG 1880 --- [TinyVillageHub] [restartedMain] o.s.s.web.DefaultSecurityFilterChain     : Will secure any request with filters: DisableEncodeUrlFilter, WebAsyncManagerIntegrationFilter, SecurityContextHolderFilter, HeaderWriterFilter, CorsFilter, LogoutFilter, JwtRequestFilter, RequestCacheAwareFilter, SecurityContextHolderAwareRequestFilter, AnonymousAuthenticationFilter, SessionManagementFilter, ExceptionTranslationFilter, AuthorizationFilter
2026-01-04T20:42:05.790-07:00 DEBUG 1880 --- [TinyVillageHub] [restartedMain] s.w.s.m.m.a.RequestMappingHandlerAdapter : ControllerAdvice beans: 0 @ModelAttribute, 0 @InitBinder, 1 RequestBodyAdvice, 1 ResponseBodyAdvice
2026-01-04T20:42:05.872-07:00 DEBUG 1880 --- [TinyVillageHub] [restartedMain] .m.m.a.ExceptionHandlerExceptionResolver : ControllerAdvice beans: 1 @ExceptionHandler, 1 ResponseBodyAdvice
2026-01-04T20:42:05.940-07:00  INFO 1880 --- [TinyVillageHub] [restartedMain] o.s.b.a.h2.H2ConsoleAutoConfiguration    : H2 console available at '/h2-console'. Database available at 'jdbc:h2:mem:tinyvillagehubdb'
2026-01-04T20:42:06.073-07:00  INFO 1880 --- [TinyVillageHub] [restartedMain] o.s.b.d.a.OptionalLiveReloadServer       : LiveReload server is running on port 35729
2026-01-04T20:42:06.146-07:00  INFO 1880 --- [TinyVillageHub] [restartedMain] o.s.b.w.embedded.tomcat.TomcatWebServer  : Tomcat started on port 8080 (http) with context path '/'
2026-01-04T20:42:06.160-07:00  INFO 1880 --- [TinyVillageHub] [restartedMain] c.s.t.TinyVillageHubApplication          : Started TinyVillageHubApplication in 8.268 seconds (process running for 10.321)
2026-01-04T20:42:14.608-07:00  INFO 1880 --- [TinyVillageHub] [SpringApplicationShutdownHook] o.s.b.w.e.tomcat.GracefulShutdown        : Commencing graceful shutdown. Waiting for active requests to complete
2026-01-04T20:42:14.623-07:00  INFO 1880 --- [TinyVillageHub] [tomcat-shutdown] o.s.b.w.e.tomcat.GracefulShutdown        : Graceful shutdown complete
2026-01-04T20:42:14.634-07:00  INFO 1880 --- [TinyVillageHub] [SpringApplicationShutdownHook] j.LocalContainerEntityManagerFactoryBean : Closing JPA EntityManagerFactory for persistence unit 'default'
2026-01-04T20:42:14.643-07:00  WARN 1880 --- [TinyVillageHub] [SpringApplicationShutdownHook] o.s.b.f.support.DisposableBeanAdapter    : Invocation of destroy method failed on bean with name 'inMemoryDatabaseShutdownExecutor': org.h2.jdbc.JdbcSQLNonTransientConnectionException: Database is already closed (to disable automatic closing at VM shutdown, add ";DB_CLOSE_ON_EXIT=FALSE" to the db URL) [90121-232]
2026-01-04T20:42:14.643-07:00  INFO 1880 --- [TinyVillageHub] [SpringApplicationShutdownHook] com.zaxxer.hikari.HikariDataSource       : HikariPool-1 - Shutdown initiated...
2026-01-04T20:42:14.647-07:00  INFO 1880 --- [TinyVillageHub] [SpringApplicationShutdownHook] com.zaxxer.hikari.HikariDataSource       : HikariPool-1 - Shutdown completed.
